#-----------------------------------------------------------
# Vivado v2025.2 (64-bit)
# SW Build 6299465 on Fri Nov 14 19:35:11 GMT 2025
# IP Build 6300035 on Fri Nov 14 10:48:45 MST 2025
# SharedData Build 6298862 on Thu Nov 13 04:50:51 MST 2025
# Start of session at: Sun Jan 18 02:05:56 2026
# Process ID         : 66028
# Current directory  : D:/Code/Other/XavierZynq-Extend/Examples/XavierZynq_BreathingLED
# Command line       : vivado.exe -gui_launcher_event rodinguilauncherevent67868 D:\Code\Other\XavierZynq-Extend\Examples\XavierZynq_BreathingLED\7020_Test.xpr
# Log file           : D:/Code/Other/XavierZynq-Extend/Examples/XavierZynq_BreathingLED/vivado.log
# Journal file       : D:/Code/Other/XavierZynq-Extend/Examples/XavierZynq_BreathingLED\vivado.jou
# Running On         : Const
# Platform           : Windows Server 2016 or Windows 10
# Operating System   : 26200
# Processor Detail   : 13th Gen Intel(R) Core(TM) i5-13500HX
# CPU Frequency      : 2688 MHz
# CPU Physical cores : 14
# CPU Logical cores  : 20
# Host memory        : 34065 MB
# Swap memory        : 5368 MB
# Total Virtual      : 39434 MB
# Available Virtual  : 10255 MB
#-----------------------------------------------------------
start_gui
open_project D:/Code/Other/XavierZynq-Extend/Examples/XavierZynq_BreathingLED/7020_Test.xpr
open_hw_manager
