#-----------------------------------------------------------
# Vivado v2024.1 (64-bit)
# SW Build 5076996 on Wed May 22 18:37:14 MDT 2024
# IP Build 5075265 on Wed May 22 21:45:21 MDT 2024
# SharedData Build 5076995 on Wed May 22 18:29:18 MDT 2024
# Start of session at: Tue Aug  5 00:09:59 2025
# Process ID: 33308
# Current directory: E:/ProgramData/Xilinx/7020_Test/7020_Test.runs/synth_1
# Command line: vivado.exe -log led_pwm.vds -product Vivado -mode batch -messageDb vivado.pb -notrace -source led_pwm.tcl
# Log file: E:/ProgramData/Xilinx/7020_Test/7020_Test.runs/synth_1/led_pwm.vds
# Journal file: E:/ProgramData/Xilinx/7020_Test/7020_Test.runs/synth_1\vivado.jou
# Running On        :ConstString
# Platform          :Windows Server 2016 or Windows 10
# Operating System  :26100
# Processor Detail  :13th Gen Intel(R) Core(TM) i5-13500HX
# CPU Frequency     :2688 MHz
# CPU Physical cores:14
# CPU Logical cores :20
# Host memory       :16886 MB
# Swap memory       :22548 MB
# Total Virtual     :39434 MB
# Available Virtual :17104 MB
#-----------------------------------------------------------
source led_pwm.tcl -notrace
