#-----------------------------------------------------------
# Vivado v2024.1 (64-bit)
# SW Build 5076996 on Wed May 22 18:37:14 MDT 2024
# IP Build 5075265 on Wed May 22 21:45:21 MDT 2024
# SharedData Build 5076995 on Wed May 22 18:29:18 MDT 2024
# Start of session at: Tue Aug  5 17:59:12 2025
# Process ID: 33448
# Current directory: E:/ProgramData/Xilinx/7020_Test/7020_Test.runs/impl_1
# Command line: vivado.exe -log led_pwm.vdi -applog -product Vivado -messageDb vivado.pb -mode batch -source led_pwm.tcl -notrace
# Log file: E:/ProgramData/Xilinx/7020_Test/7020_Test.runs/impl_1/led_pwm.vdi
# Journal file: E:/ProgramData/Xilinx/7020_Test/7020_Test.runs/impl_1\vivado.jou
# Running On        :ConstString
# Platform          :Windows Server 2016 or Windows 10
# Operating System  :26100
# Processor Detail  :13th Gen Intel(R) Core(TM) i5-13500HX
# CPU Frequency     :2688 MHz
# CPU Physical cores:14
# CPU Logical cores :20
# Host memory       :16886 MB
# Swap memory       :23629 MB
# Total Virtual     :40515 MB
# Available Virtual :3703 MB
#-----------------------------------------------------------
source led_pwm.tcl -notrace
